Microchip MPLAB XC8 Compiler V1.44 ()

Linker command line:

--edf=C:\Program Files (x86)\Microchip\xc8\v1.44\dat\en_msgs.txt -cs \
  -h+dist/default/production\Task3.2.production.sym \
  --cmf=dist/default/production\Task3.2.production.cmf -z -Q16F887 \
  -oC:\Users\Victor\AppData\Local\Temp\s8j0.2 \
  -Mdist/default/production/Task3.2.production.map -E1 -ver=XC8 \
  -ASTACK=0110h-016fh -pstack=STACK -ACODE=00h-07FFhx4 -ASTRCODE=00h-01FFFh \
  -ASTRING=00h-0FFhx32 -ACONST=00h-0FFhx32 -AENTRY=00h-0FFhx32 \
  -ACOMMON=070h-07Fh -ABANK0=020h-06Fh -ABANK1=0A0h-0EFh \
  -ABANK2=0110h-016Fh -ABANK3=0190h-01EFh \
  -ARAM=020h-06Fh,0A0h-0EFh,0110h-016Fh,0190h-01EFh \
  -AABS1=020h-07Fh,0A0h-0EFh,0110h-016Fh,0190h-01EFh -ASFR0=00h-01Fh \
  -ASFR1=080h-09Fh -ASFR2=0100h-010Fh -ASFR3=0180h-018Fh \
  -preset_vec=00h,intentry,init,end_init -ppowerup=CODE -pcinit=CODE \
  -pfunctab=ENTRY -ACONFIG=02007h-02008h -pconfig=CONFIG -DCONFIG=2 \
  -AIDLOC=02000h-02003h -pidloc=IDLOC -DIDLOC=2 -AEEDATA=00h-0FFh/02100h \
  -peeprom_data=EEDATA -DEEDATA=2 -DCODE=2 -DSTRCODE=2 -DSTRING=2 -DCONST=2 \
  -DENTRY=2 -k C:\Users\Victor\AppData\Local\Temp\s8j0.obj \
  dist/default/production\Task3.2.production.obj 

Object code version is 3.11

Machine type is 16F887



                Name                               Link     Load   Length Selector   Space Scale
C:\Users\Victor\AppData\Local\Temp\s8j0.obj
                end_init                              0        0        3        0       0
                config                             2007     2007        2     400E       0
dist/default/production\Task3.2.production.obj
                cinit                               7F0      7F0       10      FE0       0
                text4                               69E      69E        7      D3C       0
                text3                               6D7      6D7       19      DAE       0
                text2                               6F0      6F0       58      DE0       0
                text1                               6B5      6B5       11      D6A       0
                maintext                            748      748       A8      E90       0
                cstackBANK0                          20       20       13       20       1
                cstackCOMMON                         70       70        C       70       1
                inittext                            6C6      6C6       11      D8C       0
                dataBANK0                            33       33       10       20       1
                idataBANK0                          6A5      6A5       10      D4A       0

TOTAL           Name                               Link     Load   Length     Space
        CLASS   STACK          

        CLASS   CODE           
                end_init                              0        0        3         0
                cinit                               7F0      7F0       10         0
                text4                               69E      69E        7         0
                text3                               6D7      6D7       19         0
                text2                               6F0      6F0       58         0
                text1                               6B5      6B5       11         0
                maintext                            748      748       A8         0
                inittext                            6C6      6C6       11         0
                idataBANK0                          6A5      6A5       10         0

        CLASS   STRCODE        

        CLASS   STRING         

        CLASS   CONST          

        CLASS   ENTRY          

        CLASS   COMMON         
                cstackCOMMON                         70       70        C         1

        CLASS   BANK0          
                cstackBANK0                          20       20       13         1
                dataBANK0                            33       33       10         1

        CLASS   BANK1          

        CLASS   BANK2          

        CLASS   BANK3          

        CLASS   RAM            

        CLASS   ABS1           
                abs_s1                               7E       7E        2         1

        CLASS   SFR0           

        CLASS   SFR1           

        CLASS   SFR2           

        CLASS   SFR3           

        CLASS   CONFIG         
                config                             2007     2007        2         0

        CLASS   IDLOC          

        CLASS   EEDATA         



SEGMENTS        Name                           Load    Length   Top    Selector   Space  Class     Delta

                reset_vec                      000000  000003  000003         0       0  CODE        2
                cstackBANK0                    000020  000023  000043        20       1  BANK0       1
                cstackCOMMON                   000070  00000C  00007C        70       1  COMMON      1
                text4                          00069E  000007  0006A5       D3C       0  CODE        2
                idataBANK0                     0006A5  000010  0006B5       D4A       0  CODE        2
                text1                          0006B5  000011  0006C6       D6A       0  CODE        2
                inittext                       0006C6  000011  0006D7       D8C       0  CODE        2
                text3                          0006D7  000019  0006F0       DAE       0  CODE        2
                text2                          0006F0  000058  000748       DE0       0  CODE        2
                maintext                       000748  0000A8  0007F0       E90       0  CODE        2
                cinit                          0007F0  000010  000800       FE0       0  CODE        2
                config                         002007  000002  002009      400E       0  CONFIG      2


UNUSED ADDRESS RANGES

        Name                Unused          Largest block    Delta
        BANK0            0043-006F             2D           1
        BANK1            00A0-00EF             50           1
        BANK2            0110-016F             60           1
        BANK3            0190-01EF             60           1
        CODE             0003-069D            69B           2
                         0800-1FFF            800
        COMMON           007C-007D              2           1
        CONST            0003-069D            100           2
                         0800-1FFF            100
        EEDATA           2100-21FF            100           2
        ENTRY            0003-069D            100           2
                         0800-1FFF            100
        IDLOC            2000-2003              4           2
        RAM              0043-006F             2D           1
                         00A0-00EF             50
                         0110-016F             60
                         0190-01EF             60
        SFR0             0000-001F             20           1
        SFR1             0080-009F             20           1
        SFR2             0100-010F             10           1
        SFR3             0180-018F             10           1
        STACK            0110-016F             60           1
        STRCODE          0003-069D            69B           2
                         0800-1FFF           1800
        STRING           0003-069D            100           2
                         0800-1FFF            100

                                  Symbol Table

ReadSw@tmp                cstackCOMMON 0072
SelectB@oldLEDs           cstackCOMMON 0076
SelectB@result            cstackCOMMON 0077
_ADCON0                   (abs)        001F
_ADCON1                   (abs)        009F
_ADRESH                   (abs)        001E
_ANSEL                    (abs)        0188
_ANSELH                   (abs)        0189
_OPTION_REG               (abs)        0081
_PORTA                    (abs)        0005
_PORTB                    (abs)        0006
_PORTC                    (abs)        0007
_PORTD                    (abs)        0008
_PORTE                    (abs)        0009
_ReadADC                  text4        069E
_ReadSw                   text3        06D7
_SelectB                  text2        06F0
_TRISA                    (abs)        0085
_TRISB                    (abs)        0086
_TRISC                    (abs)        0087
_TRISD                    (abs)        0088
_TRISE                    (abs)        0089
__CFG_BOR4V$BOR21V        (abs)        0000
__CFG_BOREN$OFF           (abs)        0000
__CFG_DEBUG$ON            (abs)        0000
__CFG_FCMEN$OFF           (abs)        0000
__CFG_FOSC$INTRC_NOCLKOUT (abs)        0000
__CFG_IESO$OFF            (abs)        0000
__CFG_LVP$OFF             (abs)        0000
__CFG_PWRTE$ON            (abs)        0000
__CFG_WDTE$OFF            (abs)        0000
__Habs1                   abs1         0000
__Hbank0                  bank0        0000
__Hbank1                  bank1        0000
__Hbank2                  bank2        0000
__Hbank3                  bank3        0000
__Hcinit                  cinit        0800
__Hclrtext                clrtext      0000
__Hcode                   code         0000
__Hcommon                 common       0000
__Hconfig                 config       2009
__HcstackBANK0            cstackBANK0  0000
__HcstackCOMMON           cstackCOMMON 0000
__HdataBANK0              dataBANK0    0000
__Heeprom_data            eeprom_data  0000
__Hend_init               end_init     0003
__Hfunctab                functab      0000
__HidataBANK0             idataBANK0   0000
__Hidloc                  idloc        0000
__Hinit                   init         0000
__Hinittext               inittext     0000
__Hintentry               intentry     0000
__Hmaintext               maintext     0000
__Hpowerup                powerup      0000
__Hram                    ram          0000
__Hreset_vec              reset_vec    0000
__Hsfr0                   sfr0         0000
__Hsfr1                   sfr1         0000
__Hsfr2                   sfr2         0000
__Hsfr3                   sfr3         0000
__Hspace_0                (abs)        2009
__Hspace_1                (abs)        007C
__Hspace_2                (abs)        0000
__Hspace_3                (abs)        0000
__Hstack                  stack        0000
__Hstrings                strings      0000
__Htext                   text         0000
__Labs1                   abs1         0000
__Lbank0                  bank0        0000
__Lbank1                  bank1        0000
__Lbank2                  bank2        0000
__Lbank3                  bank3        0000
__Lcinit                  cinit        07F0
__Lclrtext                clrtext      0000
__Lcode                   code         0000
__Lcommon                 common       0000
__Lconfig                 config       2007
__LcstackBANK0            cstackBANK0  0000
__LcstackCOMMON           cstackCOMMON 0000
__LdataBANK0              dataBANK0    0000
__Leeprom_data            eeprom_data  0000
__Lend_init               end_init     0000
__Lfunctab                functab      0000
__LidataBANK0             idataBANK0   0000
__Lidloc                  idloc        0000
__Linit                   init         0000
__Linittext               inittext     0000
__Lintentry               intentry     0000
__Lmaintext               maintext     0000
__Lpowerup                powerup      0000
__Lram                    ram          0000
__Lreset_vec              reset_vec    0000
__Lsfr0                   sfr0         0000
__Lsfr1                   sfr1         0000
__Lsfr2                   sfr2         0000
__Lsfr3                   sfr3         0000
__Lspace_0                (abs)        0000
__Lspace_1                (abs)        0000
__Lspace_2                (abs)        0000
__Lspace_3                (abs)        0000
__Lstack                  stack        0000
__Lstrings                strings      0000
__Ltext                   text         0000
__S0                      (abs)        2009
__S1                      (abs)        007C
__S2                      (abs)        0000
__S3                      (abs)        0000
___bmul                   text1        06B5
___bmul@multiplicand      cstackCOMMON 0070
___bmul@multiplier        cstackCOMMON 0073
___bmul@product           cstackCOMMON 0072
___int_sp                 stack        0000
___latbits                (abs)        0002
___sp                     stack        0000
__end_of_ReadADC          text4        06A5
__end_of_ReadSw           text3        06F0
__end_of_SelectB          text2        0748
__end_of___bmul           text1        06C6
__end_of__initialization  cinit        07FC
__end_of_main             maintext     07F0
__initialization          cinit        07F0
__pcstackBANK0            cstackBANK0  0020
__pcstackCOMMON           cstackCOMMON 0070
__pdataBANK0              dataBANK0    0033
__pidataBANK0             idataBANK0   06A5
__pmaintext               maintext     0748
__ptext1                  text1        06B5
__ptext2                  text2        06F0
__ptext3                  text3        06D7
__ptext4                  text4        069E
__size_of_ReadADC         (abs)        0000
__size_of_ReadSw          (abs)        0000
__size_of_SelectB         (abs)        0000
__size_of___bmul          (abs)        0000
__size_of_main            (abs)        0000
_main                     maintext     0748
btemp                     (abs)        007E
end_of_initialization     cinit        07FC
init_fetch0               inittext     06C6
init_ram0                 inittext     06CA
intlevel0                 functab      0000
intlevel1                 functab      0000
intlevel2                 functab      0000
intlevel3                 functab      0000
intlevel4                 functab      0000
intlevel5                 functab      0000
main@A                    cstackBANK0  0031
main@B                    cstackBANK0  0032
main@F1672                dataBANK0    0033
main@LUT                  cstackBANK0  0020
main@TMP                  cstackBANK0  0030
reset_vec                 reset_vec    0000
stackhi                   (abs)        0000
stacklo                   (abs)        0000
start                     init         0000
start_initialization      cinit        07F0
wtemp0                    (abs)        007E


FUNCTION INFORMATION:

 *************** function _main *****************
 Defined at:
		line 5 in file "main.c"
 Parameters:    Size  Location     Type
		None
 Auto vars:     Size  Location     Type
  LUT            16    0[BANK0 ] unsigned char [16]
  B               1   18[BANK0 ] unsigned char 
  A               1   17[BANK0 ] unsigned char 
  TMP             1   16[BANK0 ] unsigned char 
  tmp1            1    0        unsigned char 
  tmp             1    0        unsigned char 
 Return value:  Size  Location     Type
                  2   65[None  ] int 
 Registers used:
		wreg, fsr0l, fsr0h, status,2, status,0, pclath, cstack
 Tracked objects:
		On entry : 
		On exit  : 
		Unchanged: 
 Data sizes:     COMMON   BANK0   BANK1   BANK3   BANK2
      Params:         0       0       0       0       0
      Locals:         0      19       0       0       0
      Temps:          4       0       0       0       0
      Totals:         4      19       0       0       0
Total ram usage:       23 bytes
 Hardware stack levels required when called:    2
 This function calls:
		_ReadSw
		_SelectB
		___bmul
 This function is called by:
		Startup code after reset
 This function uses a non-reentrant model


 *************** function ___bmul *****************
 Defined at:
		line 4 in file "C:\Program Files (x86)\Microchip\xc8\v1.44\sources\common\Umul8.c"
 Parameters:    Size  Location     Type
  multiplier      1    wreg     unsigned char 
  multiplicand    1    0[COMMON] unsigned char 
 Auto vars:     Size  Location     Type
  multiplier      1    3[COMMON] unsigned char 
  product         1    2[COMMON] unsigned char 
 Return value:  Size  Location     Type
                  1    wreg      unsigned char 
 Registers used:
		wreg, status,2, status,0
 Tracked objects:
		On entry : 
		On exit  : 
		Unchanged: 
 Data sizes:     COMMON   BANK0   BANK1   BANK3   BANK2
      Params:         1       0       0       0       0
      Locals:         2       0       0       0       0
      Temps:          1       0       0       0       0
      Totals:         4       0       0       0       0
Total ram usage:        4 bytes
 Hardware stack levels used:    1
 This function calls:
		Nothing
 This function is called by:
		_main
 This function uses a non-reentrant model


 *************** function _SelectB *****************
 Defined at:
		line 75 in file "prologue.c"
 Parameters:    Size  Location     Type
		None
 Auto vars:     Size  Location     Type
  result          1    7[COMMON] unsigned char 
  oldLEDs         1    6[COMMON] unsigned char 
 Return value:  Size  Location     Type
                  1    wreg      unsigned char 
 Registers used:
		wreg, status,2, status,0, pclath, cstack
 Tracked objects:
		On entry : 
		On exit  : 
		Unchanged: 
 Data sizes:     COMMON   BANK0   BANK1   BANK3   BANK2
      Params:         0       0       0       0       0
      Locals:         2       0       0       0       0
      Temps:          3       0       0       0       0
      Totals:         5       0       0       0       0
Total ram usage:        5 bytes
 Hardware stack levels used:    1
 Hardware stack levels required when called:    1
 This function calls:
		_ReadADC
		_ReadSw
 This function is called by:
		_main
 This function uses a non-reentrant model


 *************** function _ReadSw *****************
 Defined at:
		line 41 in file "prologue.c"
 Parameters:    Size  Location     Type
		None
 Auto vars:     Size  Location     Type
  tmp             1    2[COMMON] unsigned char 
 Return value:  Size  Location     Type
                  1    wreg      unsigned char 
 Registers used:
		wreg, status,2
 Tracked objects:
		On entry : 
		On exit  : 
		Unchanged: 
 Data sizes:     COMMON   BANK0   BANK1   BANK3   BANK2
      Params:         0       0       0       0       0
      Locals:         1       0       0       0       0
      Temps:          2       0       0       0       0
      Totals:         3       0       0       0       0
Total ram usage:        3 bytes
 Hardware stack levels used:    1
 This function calls:
		Nothing
 This function is called by:
		_SelectB
		_main
		_Select4
 This function uses a non-reentrant model


 *************** function _ReadADC *****************
 Defined at:
		line 34 in file "prologue.c"
 Parameters:    Size  Location     Type
		None
 Auto vars:     Size  Location     Type
		None
 Return value:  Size  Location     Type
                  1    wreg      unsigned char 
 Registers used:
		wreg
 Tracked objects:
		On entry : 
		On exit  : 
		Unchanged: 
 Data sizes:     COMMON   BANK0   BANK1   BANK3   BANK2
      Params:         0       0       0       0       0
      Locals:         0       0       0       0       0
      Temps:          0       0       0       0       0
      Totals:         0       0       0       0       0
Total ram usage:        0 bytes
 Hardware stack levels used:    1
 This function calls:
		Nothing
 This function is called by:
		_SelectB
		_Select4
 This function uses a non-reentrant model



MODULE INFORMATION

Module		Function		Class		Link	Load	Size
C:\Program Files (x86)\Microchip\xc8\v1.44\sources\common\Umul8.c
		___bmul        		CODE           	06B5	0000	18

C:\Program Files (x86)\Microchip\xc8\v1.44\sources\common\Umul8.c estimated size: 18

shared
		__initialization		CODE           	07F0	0000	13

shared estimated size: 13

prologue.c
		_ReadSw        		CODE           	06D7	0000	26
		_ReadADC       		CODE           	069E	0000	8
		_SelectB       		CODE           	06F0	0000	89

prologue.c estimated size: 123

main.c
		_main          		CODE           	0748	0000	169

main.c estimated size: 169

